// Jest Snapshot v1, https://goo.gl/fbAQLP

exports[`<Checkout /> should render correctly checkout container 1`] = `
<div
  className="page-container checkout"
>
  <h3>
    Checkout at Etsy
  </h3>
  <div
    className="checkout-seller"
  >
    <Connect(SellerHeader) />
    <span
      className="checkout-seller__header-info"
    >
      (250 Reviews, Over $250,000 sales)
    </span>
    <Product />
    <Product />
  </div>
</div>
`;
