// Jest Snapshot v1, https://goo.gl/fbAQLP

exports[`<Drawer /> should render correctly drawer component 1`] = `
<Drawer
  disableSwipeToOpen={false}
  docked={false}
  onRequestChange={[Function]}
  open={true}
  openSecondary={false}
  swipeAreaWidth={30}
  width={null}
  zDepth={2}
>
  <MenuItem
    anchorOrigin={
      Object {
        "horizontal": "right",
        "vertical": "top",
      }
    }
    checked={false}
    desktop={false}
    disabled={false}
    focusState="none"
    insetChildren={false}
    targetOrigin={
      Object {
        "horizontal": "left",
        "vertical": "top",
      }
    }
  >
    <Link
      className="drawer-link"
      onlyActiveOnIndex={false}
      style={Object {}}
      to="/checkout"
    >
      Checkout
    </Link>
  </MenuItem>
  <MenuItem
    anchorOrigin={
      Object {
        "horizontal": "right",
        "vertical": "top",
      }
    }
    checked={false}
    desktop={false}
    disabled={false}
    focusState="none"
    insetChildren={false}
    targetOrigin={
      Object {
        "horizontal": "left",
        "vertical": "top",
      }
    }
  >
    <Link
      className="drawer-link"
      onlyActiveOnIndex={false}
      style={Object {}}
      to="/"
    >
      Customer Wallet
    </Link>
  </MenuItem>
  <MenuItem
    anchorOrigin={
      Object {
        "horizontal": "right",
        "vertical": "top",
      }
    }
    checked={false}
    desktop={false}
    disabled={false}
    focusState="none"
    insetChildren={false}
    targetOrigin={
      Object {
        "horizontal": "left",
        "vertical": "top",
      }
    }
  >
    <Link
      className="drawer-link"
      onlyActiveOnIndex={false}
      style={Object {}}
      to="/profile"
    >
      Vendor Profile
    </Link>
  </MenuItem>
  <MenuItem
    anchorOrigin={
      Object {
        "horizontal": "right",
        "vertical": "top",
      }
    }
    checked={false}
    desktop={false}
    disabled={false}
    focusState="none"
    insetChildren={false}
    targetOrigin={
      Object {
        "horizontal": "left",
        "vertical": "top",
      }
    }
  >
    <Link
      className="drawer-link"
      onlyActiveOnIndex={false}
      style={Object {}}
      to="/vendorWallet"
    >
      Vendor Wallet
    </Link>
  </MenuItem>
</Drawer>
`;
